---
source: crates/cdt-cli/tests/cli_help_snapshots.rs
expression: text
---
Aggregated usage statistics

Usage: cdt stats [OPTIONS] [PERIOD]

Arguments:
  [PERIOD]  Time period (today / week / 7d / 24h / 30d) [default: 7d]

Options:
      --format <FORMAT>      Output format [default: table] [possible values: json, jsonl, table]
      --project <PROJECT>    Scope to a project
      --group-by <GROUP_BY>  Group by dimension: none / model / day [default: none]
      --json[=<JSON>]        Select JSON fields (comma-separated), implies --format json. Without value: list available fields. Usage: --json=field1,field2
      --no-truncate          Do not truncate fields in table mode
  -h, --help                 Print help
